// Jest Snapshot v1, https://goo.gl/fbAQLP

exports[`calendar page renders correctly 1`] = `
Array [
  <div>
    <div
      className="css-108gr1"
    >
      <div
        className="chakra-stack css-84zodg"
      >
        <button
          aria-label="Back"
          className="chakra-button css-1izmcir"
          onClick={[Function]}
          type="button"
        >
          <svg
            aria-hidden={true}
            fill="currentColor"
            focusable={false}
            height="lg"
            stroke="currentColor"
            strokeWidth="0"
            style={
              Object {
                "color": undefined,
              }
            }
            viewBox="0 0 512 512"
            width="lg"
            xmlns="http://www.w3.org/2000/svg"
          >
            <path
              d="M217.9 256L345 129c9.4-9.4 9.4-24.6 0-33.9-9.4-9.4-24.6-9.3-34 0L167 239c-9.1 9.1-9.3 23.7-.7 33.1L310.9 417c4.7 4.7 10.9 7 17 7s12.3-2.3 17-7c9.4-9.4 9.4-24.6 0-33.9L217.9 256z"
            />
          </svg>
        </button>
        <div>
          <button
            aria-label="Menu"
            className="chakra-button css-4exw4h"
            onClick={[Function]}
            type="button"
          >
            <svg
              aria-hidden={true}
              fill="currentColor"
              focusable={false}
              height="1em"
              stroke="currentColor"
              strokeWidth="0"
              style={
                Object {
                  "color": undefined,
                }
              }
              viewBox="0 0 1024 1024"
              width="1em"
              xmlns="http://www.w3.org/2000/svg"
            >
              <path
                d="M904 160H120c-4.4 0-8 3.6-8 8v64c0 4.4 3.6 8 8 8h784c4.4 0 8-3.6 8-8v-64c0-4.4-3.6-8-8-8zm0 624H120c-4.4 0-8 3.6-8 8v64c0 4.4 3.6 8 8 8h784c4.4 0 8-3.6 8-8v-64c0-4.4-3.6-8-8-8zm0-312H120c-4.4 0-8 3.6-8 8v64c0 4.4 3.6 8 8 8h784c4.4 0 8-3.6 8-8v-64c0-4.4-3.6-8-8-8z"
              />
            </svg>
          </button>
        </div>
      </div>
      <div
        className="css-17xejub"
      />
      <div
        className="css-0"
      >
        <h2
          className="chakra-heading css-10o0cdp"
        >
          Calendar
        </h2>
      </div>
      <div
        className="css-17xejub"
      />
    </div>
  </div>,
  <div
    className="css-soevlb"
  >
    <div>
      <button
        className="chakra-button css-1igmqd6"
        onClick={[Function]}
        type="button"
      >
        Create New Event
      </button>
    </div>
  </div>,
  <div
    className="css-1qqmsec"
  >
    <EventCalendar
      events={
        Array [
          Object {
            "end": 2022-02-09T05:10:00.000Z,
            "start": 2022-02-08T05:10:00.000Z,
            "title": "Test Event",
            "type": "Testing",
          },
        ]
      }
    />
  </div>,
]
`;
