// Jest Snapshot v1, https://goo.gl/fbAQLP

exports[`dashboard renders correctly 1`] = `
<DocumentFragment>
  <div
    class="chakra-stack css-p747s7"
  >
    <div>
      <div
        class="css-arm2n8"
      >
        <div
          class="chakra-stack css-84zodg"
        >
          <button
            aria-label="Back"
            class="chakra-button css-76fq9n"
            type="button"
          >
            <svg
              aria-hidden="true"
              fill="currentColor"
              focusable="false"
              height="lg"
              stroke="currentColor"
              stroke-width="0"
              viewBox="0 0 512 512"
              width="lg"
              xmlns="http://www.w3.org/2000/svg"
            >
              <path
                d="M217.9 256L345 129c9.4-9.4 9.4-24.6 0-33.9-9.4-9.4-24.6-9.3-34 0L167 239c-9.1 9.1-9.3 23.7-.7 33.1L310.9 417c4.7 4.7 10.9 7 17 7s12.3-2.3 17-7c9.4-9.4 9.4-24.6 0-33.9L217.9 256z"
              />
            </svg>
          </button>
          <div>
            <button
              aria-label="Menu"
              class="chakra-button css-1y85x9m"
              type="button"
            >
              <svg
                aria-hidden="true"
                fill="currentColor"
                focusable="false"
                height="1em"
                stroke="currentColor"
                stroke-width="0"
                viewBox="0 0 1024 1024"
                width="1em"
                xmlns="http://www.w3.org/2000/svg"
              >
                <path
                  d="M904 160H120c-4.4 0-8 3.6-8 8v64c0 4.4 3.6 8 8 8h784c4.4 0 8-3.6 8-8v-64c0-4.4-3.6-8-8-8zm0 624H120c-4.4 0-8 3.6-8 8v64c0 4.4 3.6 8 8 8h784c4.4 0 8-3.6 8-8v-64c0-4.4-3.6-8-8-8zm0-312H120c-4.4 0-8 3.6-8 8v64c0 4.4 3.6 8 8 8h784c4.4 0 8-3.6 8-8v-64c0-4.4-3.6-8-8-8z"
                />
              </svg>
            </button>
          </div>
        </div>
        <div
          class="css-17xejub"
        />
        <div
          class="css-0"
        >
          <h2
            class="chakra-heading css-1c7bccy"
          >
            Dashboard
          </h2>
        </div>
        <div
          class="css-17xejub"
        />
      </div>
    </div>
    <div
      class="css-gmuwbf"
    >
      <h2
        class="chakra-heading css-1i61012"
      >
        Hi, 
      </h2>
      <h2
        class="chakra-heading css-ws1u8n"
      >
        Martin Martian
      </h2>
    </div>
    <div
      class="css-gmuwbf"
    >
      <div
        class="chakra-stack css-84zodg"
      >
        <div
          class="css-15ddyrp"
        >
          <div
            class="css-gmuwbf"
          >
            <div
              class="chakra-stack css-10j85wf"
            >
              <gaugechart
                colors="#FF9F46,#76CE6F"
                id="gauge-chart"
                nroflevels="20"
                percent="0"
              />
              <div
                class="chakra-stack css-jp20jv"
              >
                <p
                  class="chakra-text css-1srjgni"
                >
                  You have completed
                </p>
                <p
                  class="chakra-text css-68kehq"
                >
                  0%
                </p>
                <p
                  class="chakra-text css-1bsg0uq"
                >
                  of this year's work points
                </p>
              </div>
            </div>
          </div>
        </div>
        <div
          class="css-13ixl7l"
        >
          <div
            class="css-gmuwbf"
          >
            <div
              class="chakra-stack css-10j85wf"
            >
              <div
                class="chakra-stack css-84zodg"
              >
                <button
                  aria-label="Calendar"
                  class="chakra-button css-ozg1ic"
                  type="button"
                >
                  <svg
                    aria-hidden="true"
                    fill="currentColor"
                    focusable="false"
                    height="1em"
                    stroke="currentColor"
                    stroke-width="0"
                    viewBox="0 0 3 16"
                    width="1em"
                    xmlns="http://www.w3.org/2000/svg"
                  >
                    <path
                      d="M0 2.5a1.5 1.5 0 1 0 3 0 1.5 1.5 0 0 0-3 0zm0 5a1.5 1.5 0 1 0 3 0 1.5 1.5 0 0 0-3 0zM1.5 14a1.5 1.5 0 1 1 0-3 1.5 1.5 0 0 1 0 3z"
                      fill-rule="evenodd"
                    />
                  </svg>
                </button>
                <h2
                  class="chakra-heading css-1smtq8o"
                >
                  Next Event
                </h2>
              </div>
              <hr
                aria-orientation="horizontal"
                class="chakra-divider css-svjswr"
              />
              <p
                class="chakra-text css-ykwwr6"
              />
              <p
                class="chakra-text css-1bsg0uq"
              />
              <p
                class="chakra-text css-1bsg0uq"
              />
            </div>
          </div>
        </div>
        <div
          class="css-1z0glir"
        >
          <div
            class="css-gmuwbf"
          >
            <div
              class="chakra-stack css-nscsg6"
            >
              <h2
                class="chakra-heading css-1dklj6k"
              >
                Important Links
              </h2>
              <hr
                aria-orientation="horizontal"
                class="chakra-divider css-svjswr"
              />
              <ul
                class="css-1avoc21"
                role="list"
              >
                <a
                  class="chakra-link css-k6vkpw"
                  href="https://palmyramx.com/pages/track-rules"
                  target="_blank"
                >
                  <li
                    class="css-81gbng"
                  >
                    Member Rules
                  </li>
                </a>
                <a
                  class="chakra-link css-k6vkpw"
                  href="https://twitter.com/palmyramx"
                  target="_blank"
                >
                  <li
                    class="css-81gbng"
                  >
                    Twitter
                  </li>
                </a>
                <a
                  class="chakra-link css-k6vkpw"
                  href="https://www.facebook.com/palmyramx/"
                  target="_blank"
                >
                  <li
                    class="css-81gbng"
                  >
                    Facebook
                  </li>
                </a>
                <a
                  class="chakra-link css-k6vkpw"
                  href="https://www.instagram.com/palmyramx_hogback_hill/?hl=en"
                  target="_blank"
                >
                  <li
                    class="css-81gbng"
                  >
                    Instagram
                  </li>
                </a>
              </ul>
            </div>
          </div>
        </div>
      </div>
    </div>
  </div>
</DocumentFragment>
`;
