// Jest Snapshot v1, https://goo.gl/fbAQLP

exports[`renders all props correctly 1`] = `
<div
  className="css-1ovjvli"
  onClick={[Function]}
>
  <div
    className="css-gmuwbf"
  >
    <div
      className="chakra-stack css-1hkoj8r"
    >
      <div
        className="chakra-stack css-84zodg"
      >
        <button
          aria-label="Calendar"
          className="chakra-button css-16xtio7"
          type="button"
        >
          <svg
            aria-hidden={true}
            fill="currentColor"
            focusable={false}
            height="1em"
            stroke="currentColor"
            strokeWidth="0"
            style={
              Object {
                "color": undefined,
              }
            }
            viewBox="0 0 3 16"
            width="1em"
            xmlns="http://www.w3.org/2000/svg"
          >
            <path
              d="M0 2.5a1.5 1.5 0 1 0 3 0 1.5 1.5 0 0 0-3 0zm0 5a1.5 1.5 0 1 0 3 0 1.5 1.5 0 0 0-3 0zM1.5 14a1.5 1.5 0 1 1 0-3 1.5 1.5 0 0 1 0 3z"
              fillRule="evenodd"
            />
          </svg>
        </button>
        <h2
          className="chakra-heading css-0"
        >
          Next Event
        </h2>
      </div>
      <hr
        aria-orientation="horizontal"
        className="chakra-divider css-1upb9tn"
      />
      <p
        className="chakra-text css-1ez5l2u"
      >
        Dec 19th
      </p>
      <p
        className="chakra-text css-1n49pl7"
      >
        12:00pm
        -
        5:00pm
      </p>
      <p
        className="chakra-text css-cewpam"
      >
        pick rocks, kid
      </p>
    </div>
  </div>
</div>
`;
