// Jest Snapshot v1, https://goo.gl/fbAQLP

exports[`renders correctly 1`] = `
<div
  className="css-1nfevod"
>
  <div
    className="css-gmuwbf"
  >
    <div
      className="chakra-stack css-ef3ona"
    >
      <h2
        className="chakra-heading css-0"
      >
        Important Links
      </h2>
      <hr
        aria-orientation="horizontal"
        className="chakra-divider css-1upb9tn"
      />
      <ul
        className="css-t2v3d8"
        role="list"
      >
        <a
          className="chakra-link css-1ffay1v"
          href="https://palmyramx.com/pages/track-rules"
          target="_blank"
        >
          <li
            className="css-18csb69"
          >
            Member Rules
          </li>
        </a>
        <a
          className="chakra-link css-1ffay1v"
          href="https://twitter.com/palmyramx"
          target="_blank"
        >
          <li
            className="css-18csb69"
          >
            Twitter
          </li>
        </a>
        <a
          className="chakra-link css-1ffay1v"
          href="https://www.facebook.com/palmyramx/"
          target="_blank"
        >
          <li
            className="css-18csb69"
          >
            Facebook
          </li>
        </a>
        <a
          className="chakra-link css-1ffay1v"
          href="https://www.instagram.com/palmyramx_hogback_hill/?hl=en"
          target="_blank"
        >
          <li
            className="css-18csb69"
          >
            Instagram
          </li>
        </a>
      </ul>
    </div>
  </div>
</div>
`;
