// Jest Snapshot v1, https://goo.gl/fbAQLP

exports[`renders correctly for Dashboard 1`] = `
<div
  className="css-10xehij"
>
  <div
    className="css-gmuwbf"
  >
    <div
      className="chakra-stack css-owjkmg"
    >
      <h2
        className="chakra-heading css-r7q7qr"
      >
        Important Links
      </h2>
      <ul
        className="css-tu0njr"
        role="list"
      >
        <a
          className="chakra-link css-re46iy"
          href="https://palmyramx.com/pages/track-rules"
          target="_blank"
        >
          <li
            className="css-0"
          >
            Member Rules
          </li>
        </a>
        <a
          className="chakra-link css-re46iy"
          href="https://twitter.com/palmyramx"
          target="_blank"
        >
          <li
            className="css-0"
          >
            Twitter
          </li>
        </a>
        <a
          className="chakra-link css-re46iy"
          href="https://www.facebook.com/palmyramx/"
          target="_blank"
        >
          <li
            className="css-0"
          >
            Facebook
          </li>
        </a>
        <a
          className="chakra-link css-re46iy"
          href="https://www.instagram.com/palmyramx_hogback_hill/?hl=en"
          target="_blank"
        >
          <li
            className="css-0"
          >
            Instagram
          </li>
        </a>
      </ul>
    </div>
  </div>
</div>
`;
