// Jest Snapshot v1, https://goo.gl/fbAQLP

exports[`member summary modal renders all props correctly 1`] = `
Object {
  "asFragment": [Function],
  "baseElement": <body>
    <div
      aria-hidden="true"
      data-aria-hidden="true"
      id="chakra-toast-portal"
    >
      <ul
        id="chakra-toast-manager-top"
        style="position: fixed; z-index: 5500; pointer-events: none; display: flex; flex-direction: column; margin: 0px auto;"
      />
      <ul
        id="chakra-toast-manager-top-left"
        style="position: fixed; z-index: 5500; pointer-events: none; display: flex; flex-direction: column;"
      />
      <ul
        id="chakra-toast-manager-top-right"
        style="position: fixed; z-index: 5500; pointer-events: none; display: flex; flex-direction: column;"
      />
      <ul
        id="chakra-toast-manager-bottom-left"
        style="position: fixed; z-index: 5500; pointer-events: none; display: flex; flex-direction: column;"
      />
      <ul
        id="chakra-toast-manager-bottom"
        style="position: fixed; z-index: 5500; pointer-events: none; display: flex; flex-direction: column; margin: 0px auto;"
      />
      <ul
        id="chakra-toast-manager-bottom-right"
        style="position: fixed; z-index: 5500; pointer-events: none; display: flex; flex-direction: column;"
      />
    </div>
    <div
      aria-hidden="true"
      data-aria-hidden="true"
    />
    <div
      class="chakra-portal"
    >
      <div
        aria-hidden="true"
        class="chakra-modal__overlay css-13d1tkw"
        data-aria-hidden="true"
        style="opacity: 0;"
      />
      <div
        aria-hidden="true"
        data-aria-hidden="true"
        data-focus-guard="true"
        style="width: 1px; height: 0px; padding: 0px; overflow: hidden; position: fixed; top: 1px; left: 1px;"
        tabindex="0"
      />
      <div
        aria-hidden="true"
        data-aria-hidden="true"
        data-focus-guard="true"
        style="width: 1px; height: 0px; padding: 0px; overflow: hidden; position: fixed; top: 1px; left: 1px;"
        tabindex="1"
      />
      <div
        data-focus-lock-disabled="false"
      >
        <div
          class="chakra-modal__content-container css-k2m3mz"
          tabindex="-1"
        >
          <section
            aria-describedby="chakra-modal--body-1"
            aria-labelledby="chakra-modal--header-1"
            aria-modal="true"
            class="chakra-modal__content css-1rldv9d"
            id="chakra-modal-1"
            role="dialog"
            style="opacity: 0; transform: scale(0.95) translateZ(0);"
            tabindex="-1"
          >
            <header
              class="chakra-modal__header css-72fd9l"
              id="chakra-modal--header-1"
            >
              <h2
                class="chakra-heading css-xi606m"
              >
                Member Summary
              </h2>
            </header>
            <hr
              aria-orientation="horizontal"
              class="chakra-divider css-1upb9tn"
            />
            <button
              aria-label="Close"
              class="chakra-modal__close-btn css-6sdaxy"
              type="button"
            >
              <svg
                aria-hidden="true"
                class="chakra-icon css-onkibi"
                focusable="false"
                viewBox="0 0 24 24"
              >
                <path
                  d="M.439,21.44a1.5,1.5,0,0,0,2.122,2.121L11.823,14.3a.25.25,0,0,1,.354,0l9.262,9.263a1.5,1.5,0,1,0,2.122-2.121L14.3,12.177a.25.25,0,0,1,0-.354l9.263-9.262A1.5,1.5,0,0,0,21.439.44L12.177,9.7a.25.25,0,0,1-.354,0L2.561.44A1.5,1.5,0,0,0,.439,2.561L9.7,11.823a.25.25,0,0,1,0,.354Z"
                  fill="currentColor"
                />
              </svg>
            </button>
            <div
              class="chakra-modal__body css-0"
              id="chakra-modal--body-1"
            >
              <div
                class="css-101s7o6"
              >
                <div
                  class="chakra-stack css-1tw51pk"
                >
                  <div
                    class="chakra-stack css-84zodg"
                  >
                    <p
                      class="chakra-text css-4ampwm"
                    >
                      Contact Info
                    </p>
                    <button
                      class="chakra-button css-1nyyi7e"
                      type="button"
                    >
                      Edit
                    </button>
                  </div>
                  <div
                    class="css-1upvmvh"
                  >
                    <div
                      class="chakra-stack css-1p8m2bb"
                    >
                      <p
                        class="chakra-text css-in3yi3"
                      >
                        Name:
                      </p>
                      <p
                        class="chakra-text css-in3yi3"
                      >
                        Email:
                      </p>
                      <p
                        class="chakra-text css-in3yi3"
                      >
                        Phone:
                      </p>
                    </div>
                    <div
                      class="chakra-stack css-11xgekm"
                    >
                      <p
                        class="chakra-text css-0"
                      >
                        test member
                      </p>
                      <p
                        class="chakra-text css-0"
                      >
                        user@example.com
                      </p>
                      <p
                        class="chakra-text css-0"
                      >
                        1234
                      </p>
                    </div>
                  </div>
                  <div
                    class="chakra-stack css-84zodg"
                  >
                    <p
                      class="chakra-text css-4ampwm"
                    >
                      Family
                    </p>
                  </div>
                  <p
                    class="chakra-text css-nr82bb"
                  >
                    Members
                  </p>
                  <ul
                    class="css-v8i2zt"
                    role="list"
                  >
                    <li
                      class="css-0"
                    >
                      test member (you)
                    </li>
                    <li
                      class="css-0"
                    >
                      Jon Smith
                    </li>
                  </ul>
                  <p
                    class="chakra-text css-nr82bb"
                  >
                    Bikes
                  </p>
                  <ul
                    class="css-v8i2zt"
                    role="list"
                  >
                    <li
                      class="css-0"
                    >
                      2012, honda shitbox
                    </li>
                  </ul>
                </div>
                <div
                  class="chakra-stack css-xtejj8"
                >
                  <div
                    class="chakra-stack css-84zodg"
                  >
                    <p
                      class="chakra-text css-4ampwm"
                    >
                      Roles
                    </p>
                    <button
                      class="chakra-button css-1nyyi7e"
                      type="button"
                    >
                      Edit
                    </button>
                  </div>
                  <div
                    class="chakra-button__group css-1ayoy1w"
                    role="group"
                  >
                    <button
                      class="chakra-button css-1g9red5"
                      type="button"
                    >
                      Member
                    </button>
                    <button
                      class="chakra-button css-1s0cxtu"
                      type="button"
                    >
                      Admin
                    </button>
                    <button
                      class="chakra-button css-1g9red5"
                      type="button"
                    >
                      Board
                    </button>
                  </div>
                  <div
                    class="chakra-container css-1g82ixg"
                  />
                  <p
                    class="chakra-text css-4ampwm"
                  >
                    Actions
                  </p>
                  <div
                    class="chakra-stack css-a03k66"
                  >
                    <button
                      class="chakra-button css-5c2176"
                      style="white-space: normal; word-wrap: break-word;"
                      type="button"
                    >
                      Assign To Event
                    </button>
                    <button
                      class="chakra-button css-1tq7btk"
                      style="white-space: normal; word-wrap: break-word;"
                      type="button"
                    >
                      De-Activate Member
                    </button>
                  </div>
                  <button
                    class="chakra-button css-1nyyi7e"
                    type="button"
                  >
                    Reset Password
                  </button>
                </div>
              </div>
            </div>
          </section>
        </div>
      </div>
      <div
        aria-hidden="true"
        data-aria-hidden="true"
        data-focus-guard="true"
        style="width: 1px; height: 0px; padding: 0px; overflow: hidden; position: fixed; top: 1px; left: 1px;"
        tabindex="0"
      />
    </div>
  </body>,
  "container": <div
    aria-hidden="true"
    data-aria-hidden="true"
  />,
  "debug": [Function],
  "findAllByAltText": [Function],
  "findAllByDisplayValue": [Function],
  "findAllByLabelText": [Function],
  "findAllByPlaceholderText": [Function],
  "findAllByRole": [Function],
  "findAllByTestId": [Function],
  "findAllByText": [Function],
  "findAllByTitle": [Function],
  "findByAltText": [Function],
  "findByDisplayValue": [Function],
  "findByLabelText": [Function],
  "findByPlaceholderText": [Function],
  "findByRole": [Function],
  "findByTestId": [Function],
  "findByText": [Function],
  "findByTitle": [Function],
  "getAllByAltText": [Function],
  "getAllByDisplayValue": [Function],
  "getAllByLabelText": [Function],
  "getAllByPlaceholderText": [Function],
  "getAllByRole": [Function],
  "getAllByTestId": [Function],
  "getAllByText": [Function],
  "getAllByTitle": [Function],
  "getByAltText": [Function],
  "getByDisplayValue": [Function],
  "getByLabelText": [Function],
  "getByPlaceholderText": [Function],
  "getByRole": [Function],
  "getByTestId": [Function],
  "getByText": [Function],
  "getByTitle": [Function],
  "queryAllByAltText": [Function],
  "queryAllByDisplayValue": [Function],
  "queryAllByLabelText": [Function],
  "queryAllByPlaceholderText": [Function],
  "queryAllByRole": [Function],
  "queryAllByTestId": [Function],
  "queryAllByText": [Function],
  "queryAllByTitle": [Function],
  "queryByAltText": [Function],
  "queryByDisplayValue": [Function],
  "queryByLabelText": [Function],
  "queryByPlaceholderText": [Function],
  "queryByRole": [Function],
  "queryByTestId": [Function],
  "queryByText": [Function],
  "queryByTitle": [Function],
  "rerender": [Function],
  "unmount": [Function],
}
`;
