// Jest Snapshot v1, https://goo.gl/fbAQLP

exports[`SignUpList component renders correctly 1`] = `
<div
  data-testid="table"
>
  <div
    className="css-gmuwbf"
  >
    <div
      className="css-clmqzu"
    >
      <div
        className="css-0"
      >
        <div
          className="chakra-input__group css-4302v8"
        >
          <div
            className="chakra-input__left-element css-1u2k0bl"
          >
            <svg
              color="gray.300"
              fill="currentColor"
              height="1em"
              stroke="currentColor"
              strokeWidth="0"
              style={
                Object {
                  "color": "gray.300",
                }
              }
              viewBox="0 0 16 16"
              width="1em"
              xmlns="http://www.w3.org/2000/svg"
            >
              <path
                d="M11.742 10.344a6.5 6.5 0 1 0-1.397 1.398h-.001c.03.04.062.078.098.115l3.85 3.85a1 1 0 0 0 1.415-1.414l-3.85-3.85a1.007 1.007 0 0 0-.115-.1zM12 6.5a5.5 5.5 0 1 1-11 0 5.5 5.5 0 0 1 11 0z"
              />
            </svg>
          </div>
          <input
            className="chakra-input css-0"
            onBlur={[Function]}
            onChange={[Function]}
            onFocus={[Function]}
            placeholder="Search..."
          />
        </div>
      </div>
      <div
        className="css-0"
      >
        <button
          aria-label="Print"
          className="chakra-button css-6sic86"
          onClick={[Function]}
          type="button"
        >
          <svg
            aria-hidden={true}
            fill="currentColor"
            focusable={false}
            height="1em"
            stroke="currentColor"
            strokeWidth="0"
            style={
              Object {
                "color": undefined,
              }
            }
            viewBox="0 0 16 16"
            width="1em"
            xmlns="http://www.w3.org/2000/svg"
          >
            <path
              d="M2.5 8a.5.5 0 1 0 0-1 .5.5 0 0 0 0 1z"
            />
            <path
              d="M5 1a2 2 0 0 0-2 2v2H2a2 2 0 0 0-2 2v3a2 2 0 0 0 2 2h1v1a2 2 0 0 0 2 2h6a2 2 0 0 0 2-2v-1h1a2 2 0 0 0 2-2V7a2 2 0 0 0-2-2h-1V3a2 2 0 0 0-2-2H5zM4 3a1 1 0 0 1 1-1h6a1 1 0 0 1 1 1v2H4V3zm1 5a2 2 0 0 0-2 2v1H2a1 1 0 0 1-1-1V7a1 1 0 0 1 1-1h12a1 1 0 0 1 1 1v3a1 1 0 0 1-1 1h-1v-1a2 2 0 0 0-2-2H5zm7 2v3a1 1 0 0 1-1 1H5a1 1 0 0 1-1-1v-3a1 1 0 0 1 1-1h6a1 1 0 0 1 1 1z"
            />
          </svg>
        </button>
      </div>
    </div>
  </div>
  <div
    className="sc-dlVxhl fSQziN"
  >
    <div
      className="sc-fKVqWL XlRpR"
    >
      <div
        className="sc-bdvvtL hLGqlg rdt_Table"
        disabled={false}
        role="table"
      >
        <div
          className="sc-iwjdpV kntihR"
        >
          <div
            style={
              Object {
                "padding": "24px",
              }
            }
          >
            There are no records to display
          </div>
        </div>
      </div>
    </div>
  </div>
</div>
`;
