// Jest Snapshot v1, https://goo.gl/fbAQLP

exports[`work points history renders all props correctly 1`] = `
<div
  className="chakra-stack css-yth84b"
>
  <div
    className="chakra-stack css-84zodg"
  >
    <button
      aria-controls="menu-list-1"
      aria-expanded={false}
      aria-haspopup="menu"
      className="chakra-button chakra-menu__menu-button css-1bur0ct"
      id="menu-button-1"
      onClick={[Function]}
      onKeyDown={[Function]}
      type="button"
    >
      <span
        className="css-xl71ch"
      >
        Past Years
      </span>
      <span
        className="chakra-button__icon css-1hzyiq5"
      >
        <svg
          aria-hidden={true}
          fill="currentColor"
          focusable={false}
          height="1em"
          stroke="currentColor"
          strokeWidth="0"
          style={
            Object {
              "color": undefined,
            }
          }
          viewBox="0 0 16 16"
          width="1em"
          xmlns="http://www.w3.org/2000/svg"
        >
          <path
            d="M1.646 4.646a.5.5 0 0 1 .708 0L8 10.293l5.646-5.647a.5.5 0 0 1 .708.708l-6 6a.5.5 0 0 1-.708 0l-6-6a.5.5 0 0 1 0-.708z"
            fillRule="evenodd"
          />
        </svg>
      </span>
    </button>
    <div
      className="css-0"
      style={
        Object {
          "inset": "0 auto auto 0",
          "minWidth": "max-content",
          "position": "absolute",
          "visibility": "hidden",
        }
      }
    >
      <div
        aria-orientation="vertical"
        className="chakra-menu__menu-list css-sjt5nk"
        id="menu-list-1"
        onKeyDown={[Function]}
        role="menu"
        style={
          Object {
            "opacity": 0,
            "transform": "scale(0.8) translateZ(0)",
            "transformOrigin": "var(--popper-transform-origin)",
            "visibility": "hidden",
          }
        }
        tabIndex={-1}
      />
    </div>
    <h2
      className="chakra-heading css-0"
    >
      Work Points History
    </h2>
  </div>
  <h2
    className="chakra-heading css-7kmldq"
  >
    0/0
  </h2>
  <div
    className="sc-dlVxhl fSQziN"
  >
    <div
      className="sc-fKVqWL XlRpR"
    >
      <div
        className="sc-bdvvtL hLGqlg rdt_Table"
        disabled={false}
        role="table"
      >
        <div
          className="sc-iwjdpV kntihR"
        >
          <div
            style={
              Object {
                "padding": "24px",
              }
            }
          >
            There are no records to display
          </div>
        </div>
      </div>
    </div>
  </div>
</div>
`;
