// Jest Snapshot v1, https://goo.gl/fbAQLP

exports[`workpoints card renders correctly 1`] = `
<div
  className="css-1v9pmtf"
  onClick={[Function]}
>
  <div
    className="css-gmuwbf"
  >
    <div
      className="chakra-stack css-1vzxskl"
    >
      <GaugeChart
        colors={
          Array [
            "#FF9F46",
            "#76CE6F",
          ]
        }
        hideText={true}
        id="gauge-chart"
        nrOfLevels={20}
        percent={0.67}
      />
      <div
        className="chakra-stack css-jp20jv"
      >
        <p
          className="chakra-text css-h66c1t"
        >
          You have completed
        </p>
        <p
          className="chakra-text css-11taexh"
        >
          67
          %
        </p>
        <p
          className="chakra-text css-1n49pl7"
        >
          of this year's work points
        </p>
      </div>
    </div>
  </div>
</div>
`;
